%YAML 1.1
%TAG !u! tag:unity3d.com,2011:
--- !u!29 &1
OcclusionCullingSettings:
  m_ObjectHideFlags: 0
  serializedVersion: 2
  m_OcclusionBakeSettings:
    smallestOccluder: 5
    smallestHole: 0.25
    backfaceThreshold: 100
  m_SceneGUID: 00000000000000000000000000000000
  m_OcclusionCullingData: {fileID: 0}
--- !u!104 &2
RenderSettings:
  m_ObjectHideFlags: 0
  serializedVersion: 9
  m_Fog: 0
  m_FogColor: {r: 0.5, g: 0.5, b: 0.5, a: 1}
  m_FogMode: 3
  m_FogDensity: 0.01
  m_LinearFogStart: 0
  m_LinearFogEnd: 300
  m_AmbientSkyColor: {r: 1, g: 1, b: 1, a: 1}
  m_AmbientEquatorColor: {r: 0.114, g: 0.125, b: 0.133, a: 1}
  m_AmbientGroundColor: {r: 0.047, g: 0.043, b: 0.035, a: 1}
  m_AmbientIntensity: 1
  m_AmbientMode: 0
  m_SubtractiveShadowColor: {r: 0.42, g: 0.478, b: 0.627, a: 1}
  m_SkyboxMaterial: {fileID: 0}
  m_HaloStrength: 0.5
  m_FlareStrength: 1
  m_FlareFadeSpeed: 3
  m_HaloTexture: {fileID: 0}
  m_SpotCookie: {fileID: 10001, guid: 0000000000000000e000000000000000, type: 0}
  m_DefaultReflectionMode: 0
  m_DefaultReflectionResolution: 128
  m_ReflectionBounces: 1
  m_ReflectionIntensity: 1
  m_CustomReflection: {fileID: 0}
  m_Sun: {fileID: 0}
  m_IndirectSpecularColor: {r: 0, g: 0, b: 0, a: 1}
  m_UseRadianceAmbientProbe: 0
--- !u!157 &3
LightmapSettings:
  m_ObjectHideFlags: 0
  serializedVersion: 11
  m_GIWorkflowMode: 1
  m_GISettings:
    serializedVersion: 2
    m_BounceScale: 1
    m_IndirectOutputScale: 1
    m_AlbedoBoost: 1
    m_EnvironmentLightingMode: 0
    m_EnableBakedLightmaps: 0
    m_EnableRealtimeLightmaps: 0
  m_LightmapEditorSettings:
    serializedVersion: 12
    m_Resolution: 2
    m_BakeResolution: 40
    m_AtlasSize: 1024
    m_AO: 0
    m_AOMaxDistance: 1
    m_CompAOExponent: 1
    m_CompAOExponentDirect: 0
    m_ExtractAmbientOcclusion: 0
    m_Padding: 2
    m_LightmapParameters: {fileID: 0}
    m_LightmapsBakeMode: 1
    m_TextureCompression: 1
    m_FinalGather: 0
    m_FinalGatherFiltering: 1
    m_FinalGatherRayCount: 256
    m_ReflectionCompression: 2
    m_MixedBakeMode: 2
    m_BakeBackend: 0
    m_PVRSampling: 1
    m_PVRDirectSampleCount: 32
    m_PVRSampleCount: 500
    m_PVRBounces: 2
    m_PVREnvironmentSampleCount: 500
    m_PVREnvironmentReferencePointCount: 2048
    m_PVRFilteringMode: 2
    m_PVRDenoiserTypeDirect: 0
    m_PVRDenoiserTypeIndirect: 0
    m_PVRDenoiserTypeAO: 0
    m_PVRFilterTypeDirect: 0
    m_PVRFilterTypeIndirect: 0
    m_PVRFilterTypeAO: 0
    m_PVREnvironmentMIS: 0
    m_PVRCulling: 1
    m_PVRFilteringGaussRadiusDirect: 1
    m_PVRFilteringGaussRadiusIndirect: 5
    m_PVRFilteringGaussRadiusAO: 2
    m_PVRFilteringAtrousPositionSigmaDirect: 0.5
    m_PVRFilteringAtrousPositionSigmaIndirect: 2
    m_PVRFilteringAtrousPositionSigmaAO: 1
    m_ShowResolutionOverlay: 1
    m_ExportTrainingData: 0
  m_LightingDataAsset: {fileID: 0}
  m_UseShadowmask: 1
--- !u!196 &4
NavMeshSettings:
  serializedVersion: 2
  m_ObjectHideFlags: 0
  m_BuildSettings:
    serializedVersion: 2
    agentTypeID: 0
    agentRadius: 0.5
    agentHeight: 2
    agentSlope: 45
    agentClimb: 0.4
    ledgeDropHeight: 0
    maxJumpAcrossDistance: 0
    minRegionArea: 2
    manualCellSize: 0
    cellSize: 0.16666667
    manualTileSize: 0
    tileSize: 256
    accuratePlacement: 0
    debug:
      m_Flags: 0
  m_NavMeshData: {fileID: 0}
--- !u!1 &50202348
GameObject:
  m_ObjectHideFlags: 0
  m_CorrespondingSourceObject: {fileID: 0}
  m_PrefabInstance: {fileID: 0}
  m_PrefabAsset: {fileID: 0}
  serializedVersion: 6
  m_Component:
  - component: {fileID: 50202353}
  - component: {fileID: 50202352}
  - component: {fileID: 50202351}
  - component: {fileID: 50202350}
  m_Layer: 5
  m_Name: Canvas
  m_TagString: Untagged
  m_Icon: {fileID: 0}
  m_NavMeshLayer: 0
  m_StaticEditorFlags: 0
  m_IsActive: 1
--- !u!114 &50202350
MonoBehaviour:
  m_ObjectHideFlags: 0
  m_CorrespondingSourceObject: {fileID: 0}
  m_PrefabInstance: {fileID: 0}
  m_PrefabAsset: {fileID: 0}
  m_GameObject: {fileID: 50202348}
  m_Enabled: 1
  m_EditorHideFlags: 0
  m_Script: {fileID: 1980459831, guid: f70555f144d8491a825f0804e09c671c, type: 3}
  m_Name: 
  m_EditorClassIdentifier: 
  m_UiScaleMode: 1
  m_ReferencePixelsPerUnit: 100
  m_ScaleFactor: 1
  m_ReferenceResolution: {x: 1920, y: 1080}
  m_ScreenMatchMode: 0
  m_MatchWidthOrHeight: 0.5
  m_PhysicalUnit: 3
  m_FallbackScreenDPI: 96
  m_DefaultSpriteDPI: 96
  m_DynamicPixelsPerUnit: 1
--- !u!114 &50202351
MonoBehaviour:
  m_ObjectHideFlags: 0
  m_CorrespondingSourceObject: {fileID: 0}
  m_PrefabInstance: {fileID: 0}
  m_PrefabAsset: {fileID: 0}
  m_GameObject: {fileID: 50202348}
  m_Enabled: 1
  m_EditorHideFlags: 0
  m_Script: {fileID: 1301386320, guid: f70555f144d8491a825f0804e09c671c, type: 3}
  m_Name: 
  m_EditorClassIdentifier: 
  m_IgnoreReversedGraphics: 1
  m_BlockingObjects: 0
  m_BlockingMask:
    serializedVersion: 2
    m_Bits: 4294967295
--- !u!223 &50202352
Canvas:
  m_ObjectHideFlags: 0
  m_CorrespondingSourceObject: {fileID: 0}
  m_PrefabInstance: {fileID: 0}
  m_PrefabAsset: {fileID: 0}
  m_GameObject: {fileID: 50202348}
  m_Enabled: 1
  serializedVersion: 3
  m_RenderMode: 1
  m_Camera: {fileID: 1899258074}
  m_PlaneDistance: 1
  m_PixelPerfect: 0
  m_ReceivesEvents: 1
  m_OverrideSorting: 0
  m_OverridePixelPerfect: 0
  m_SortingBucketNormalizedSize: 0
  m_AdditionalShaderChannelsFlag: 25
  m_SortingLayerID: 0
  m_SortingOrder: 0
  m_TargetDisplay: 0
--- !u!224 &50202353
RectTransform:
  m_ObjectHideFlags: 0
  m_CorrespondingSourceObject: {fileID: 0}
  m_PrefabInstance: {fileID: 0}
  m_PrefabAsset: {fileID: 0}
  m_GameObject: {fileID: 50202348}
  m_LocalRotation: {x: 0, y: 0, z: 0, w: 1}
  m_LocalPosition: {x: 0, y: 0, z: 0}
  m_LocalScale: {x: 0, y: 0, z: 0}
  m_Children:
  - {fileID: 250375089}
  m_Father: {fileID: 0}
  m_RootOrder: 2
  m_LocalEulerAnglesHint: {x: 16.531, y: 0, z: 0}
  m_AnchorMin: {x: 0, y: 0}
  m_AnchorMax: {x: 0, y: 0}
  m_AnchoredPosition: {x: 0, y: 0}
  m_SizeDelta: {x: 0, y: 0}
  m_Pivot: {x: 0, y: 0}
--- !u!1 &250375088
GameObject:
  m_ObjectHideFlags: 0
  m_CorrespondingSourceObject: {fileID: 0}
  m_PrefabInstance: {fileID: 0}
  m_PrefabAsset: {fileID: 0}
  serializedVersion: 6
  m_Component:
  - component: {fileID: 250375089}
  - component: {fileID: 250375091}
  - component: {fileID: 250375094}
  - component: {fileID: 250375090}
  - component: {fileID: 250375093}
  - component: {fileID: 250375092}
  m_Layer: 5
  m_Name: Description
  m_TagString: Untagged
  m_Icon: {fileID: 0}
  m_NavMeshLayer: 0
  m_StaticEditorFlags: 0
  m_IsActive: 1
--- !u!224 &250375089
RectTransform:
  m_ObjectHideFlags: 0
  m_CorrespondingSourceObject: {fileID: 0}
  m_PrefabInstance: {fileID: 0}
  m_PrefabAsset: {fileID: 0}
  m_GameObject: {fileID: 250375088}
  m_LocalRotation: {x: -0, y: -0, z: -0, w: 1}
  m_LocalPosition: {x: 0, y: 0, z: 0}
  m_LocalScale: {x: 1, y: 1, z: 1}
  m_Children:
  - {fileID: 1662721387}
  m_Father: {fileID: 50202353}
  m_RootOrder: 0
  m_LocalEulerAnglesHint: {x: 0, y: 0, z: 0}
  m_AnchorMin: {x: 0, y: 0}
  m_AnchorMax: {x: 0, y: 0}
  m_AnchoredPosition: {x: 200, y: 0}
  m_SizeDelta: {x: 1920, y: 0}
  m_Pivot: {x: 0, y: 0}
--- !u!114 &250375090
MonoBehaviour:
  m_ObjectHideFlags: 0
  m_CorrespondingSourceObject: {fileID: 0}
  m_PrefabInstance: {fileID: 0}
  m_PrefabAsset: {fileID: 0}
  m_GameObject: {fileID: 250375088}
  m_Enabled: 1
  m_EditorHideFlags: 0
  m_Script: {fileID: 11500000, guid: f4688fdb7df04437aeb418b961361dc5, type: 3}
  m_Name: 
  m_EditorClassIdentifier: 
  m_Material: {fileID: 0}
  m_Color: {r: 1, g: 1, b: 1, a: 1}
  m_RaycastTarget: 1
  m_OnCullStateChanged:
    m_PersistentCalls:
      m_Calls: []
    m_TypeName: UnityEngine.UI.MaskableGraphic+CullStateChangedEvent, UnityEngine.UI,
      Version=1.0.0.0, Culture=neutral, PublicKeyToken=null
  m_text: 'Uncompressing Linux... done, booting the kernel.

    [    0.000000] Booting Linux on physical CPU 0x0

    [    0.000000] Initializing cgroup subsys cpu

    [    0.000000] Initializing cgroup subsys cpuacct

    [    0.000000] Linux version 3.18.10+ (dc4@dc4-XPS13-9333) (gcc version 4.8.3
    20140303 (prerelease) (crosstool-NG linaro-1.13.1+bzr2650 - Linaro GCC 2014.03))
    #775 PREEMPT Thu Apr 2 18:10:12 BST 2015

    [    0.000000] CPU: ARMv6-compatible processor [410fb767] revision 7 (ARMv7),
    cr=00c5387d

    [    0.000000] CPU: PIPT / VIPT nonaliasing data cache, VIPT nonaliasing instruction
    cache

    [    0.000000] Machine model: Raspberry Pi Model B

    [    0.000000] cma: Reserved 8 MiB at 0x0b800000

    [    0.000000] Memory policy: Data cache writeback

    [    0.000000] Built 1 zonelists in Zone order, mobility grouping on.  Total pages:
    48768

    [    0.000000] Kernel command line: dma.dmachans=0x7f35 bcm2708_fb.fbwidth=656
    bcm2708_fb.fbheight=416 bcm2708.boardrev=0x2 bcm2708.serial=0xb51cb961 smsc95x.macaddr=B8:27:EB:1C:B9:61
    bcm2708_fb.fbswap=1 sdhci-bcm2708.emmc_clock_freq=250000000 vc_mem.mem_base=0xec00000
    vc_mem.mem_size=0x10000000  dwc_otg.lpm_enabe=0 console=ttyAMA0,115200 console=tty1
    root=/dev/mmcblk0p2 rootfstype=ext4 elevator=deadline rootwait

    [    0.000000] PID hash table entries: 1024 (order: 0, 4096 bytes)

    [    0.000000] Dentry cache hash table entries: 32768 (order: 5, 131072 bytes)

    [    0.000000] Inode-cache hash table entries: 16384 (order: 4, 65536 bytes)

    [    0.000000] Memory: 177372K/196608K available (5885K kernel code, 348K rwdata,
    1868K rodata, 340K init, 733K bss, 19236K reserved)

    [    0.000000] Virtual kernel memory layout:

    [    0.000000]     vector  : 0xffff0000 - 0xffff1000   (   4 kB)

    [    0.000000]     fixmap  : 0xffc00000 - 0xffe00000   (2048 kB)

    [    0.000000]     vmalloc : 0xcc800000 - 0xff000000   ( 808 MB)

    [    0.000000]     lowmem  : 0xc0000000 - 0xcc000000   ( 192 MB)

    [    0.000000]     modules : 0xbf000000 - 0xc0000000   (  16 MB)

    [    0.000000]       .text : 0xc0008000 - 0xc079a78c   (7754 kB)

    [    0.000000]       .init : 0xc079b000 - 0xc07f0000   ( 340 kB)

    [    0.000000]       .data : 0xc07f0000 - 0xc084711c   ( 349 kB)

    [    0.000000]        .bss : 0xc084711c - 0xc08fe848   ( 734 kB)

    [    0.000000] SLUB: HWalign=32, Order=0-3, MinObjects=0, CPUs=1, Nodes=1

    [    0.000000] Preemptible hierarchical RCU implementation.

    [    0.000000] NR_IRQS:522

    [    0.000027] sched_clock: 32 bits at 1000kHz, resolution 1000ns, wraps every
    2147483648000ns

    [    0.000077] Switching to timer-based delay loop, resolution 1000ns

    [    0.000359] Console: colour dummy device 80x30

    [    0.001422] console [tty1] enabled

    [    0.001469] Calibrating delay loop (skipped), value calculated using timer
    frequency.. 2.00 BogoMIPS (lpj=10000)

    [    0.001545] pid_max: default: 32768 minimum: 301

    [    0.001931] Mount-cache hash table entries: 1024 (order: 0, 4096 bytes)

    [    0.001997] Mountpoint-cache hash table entries: 1024 (order: 0, 4096 bytes)

    [    0.003000] Initializing cgroup subsys memory

    [    0.003093] Initializing cgroup subsys devices

    [    0.003151] Initializing cgroup subsys freezer

    [    0.003204] Initializing cgroup subsys net_cls

    [    0.003254] Initializing cgroup subsys blkio

    [    0.003377] CPU: Testing write buffer coherency: ok

    [    0.003498] ftrace: allocating 19229 entries in 57 pages

    [    0.107319] Setting up static identity map for 0x553698 - 0x5536d0

    [    0.110174] devtmpfs: initialized

    [    0.127357] VFP support v0.3: implementor 41 architecture 1 part 20 variant
    b rev 5

    [    0.130404] pinctrl core: initialized pinctrl subsystem

    [    0.133123] NET: Registered protocol family 16

    [    0.138594] DMA: preallocated 4096 KiB pool for atomic coherent allocations

    [    0.139999] bcm2708.uart_clock = 3000000

    [    0.142890] No ATAGs?

    [    0.142954] hw-breakpoint: found 6 breakpoint and 1 watchpoint registers.

    [    0.143016] hw-breakpoint: maximum watchpoint size is 4 bytes.

    [    0.143083] mailbox: Broadcom VideoCore Mailbox driver

    [    0.143245] bcm2708_vcio: mailbox at f200b880

    [    0.143703] bcm_power: Broadcom power driver

    [    0.143761] bcm_power_open() -> 0

    [    0.143791] bcm_power_request(0, 8)

    [    0.644504] bcm_mailbox_read -> 00000080, 0

    [    0.644551] bcm_power_request -> 0

    [    0.644761] Serial: AMBA PL011 UART driver

    [    0.645001] dev:f1: ttyAMA0 at MMIO 0x20201000 (irq = 83, base_baud = 0) is
    a PL011 rev3

    [    1.026171] console [ttyAMA0] enabled

    [    1.089428] SCSI subsystem initialized

    [    1.093582] usbcore: registered new interface driver usbfs

    [    1.099370] usbcore: registered new interface driver hub

    [    1.104873] usbcore: registered new device driver usb

    [    1.112045] Switched to clocksource stc

    [    1.144472] FS-Cache: Loaded

    [    1.147792] CacheFiles: Loaded

    [    1.167352] NET: Registered protocol family 2

    [    1.173329] TCP established hash table entries: 2048 (order: 1, 8192 bytes)

    [    1.180389] TCP bind hash table entries: 2048 (order: 1, 8192 bytes)

    [    1.187044] TCP: Hash tables configured (established 2048 bind 2048)

    [    1.193567] TCP: reno registered

    [    1.196842] UDP hash table entries: 256 (order: 0, 4096 bytes)

    [    1.202767] UDP-Lite hash table entries: 256 (order: 0, 4096 bytes)

    [    1.209433] NET: Registered protocol family 1

    [    1.214527] RPC: Registered named UNIX socket transport module.

    [    1.220497] RPC: Registered udp transport module.

    [    1.225329] RPC: Registered tcp transport module.

    [    1.230060] RPC: Registered tcp NFSv4.1 backchannel transport module.

    [    1.237793] bcm2708_dma: DMA manager at f2007000

    [    1.242844] vc-mem: phys_addr:0x00000000 mem_base=0x0ec00000 mem_size:0x10000000(256
    MiB)

    [    1.252677] futex hash table entries: 256 (order: -1, 3072 bytes)

    [    1.258959] audit: initializing netlink subsys (disabled)

    [    1.264643] audit: type=2000 audit(1.030:1): initialized

    [    1.285511] VFS: Disk quotas dquot_6.5.2

    [    1.289878] Dquot-cache hash table entries: 1024 (order 0, 4096 bytes)

    [    1.299414] FS-Cache: Netfs ''nfs'' registered for caching

    [    1.306594] NFS: Registering the id_resolver key type

    [    1.311766] Key type id_resolver registered

    [    1.316111] Key type id_legacy registered

    [    1.321553] msgmni has been set to 362

    [    1.327984] Block layer SCSI generic (bsg) driver version 0.4 loaded (major
    252)

    [    1.336007] io scheduler noop registered

    [    1.339992] io scheduler deadline registered (default)

    [    1.345764] io scheduler cfq registered

    [    1.352388] BCM2708FB: allocated DMA memory 4bc00000

    [    1.357459] BCM2708FB: allocated DMA channel 0 @ f2007000

    [    1.368051] Console: switching to colour frame buffer device 82x26

    [    1.379949] bcm2708-dmaengine bcm2708-dmaengine: Load BCM2835 DMA engine driver

    [    1.389642] uart-pl011 dev:f1: no DMA platform data

    [    1.397092] vc-cma: Videocore CMA driver

    [    1.402834] vc-cma: vc_cma_base      = 0x00000000

    [    1.409145] vc-cma: vc_cma_size      = 0x00000000 (0 MiB)

    [    1.416205] vc-cma: vc_cma_initial   = 0x00000000 (0 MiB)

    [    1.436395] brd: module loaded

    [    1.448019] loop: module loaded

    [    1.453297] vchiq: vchiq_init_state: slot_zero = 0xcb800000, is_master = 0

    [    1.462740] Loading iSCSI transport class v2.0-870.

    [    1.470905] usbcore: registered new interface driver smsc95xx

    [    1.478580] dwc_otg: version 3.00a 10-AUG-2012 (platform bus)

    [    1.686340] Core Release: 2.80a

    [    1.691076] Setting default values for core params

    [    1.697475] Finished setting default values for core params

    [    1.904796] Using Buffer DMA mode

    [    1.909665] Periodic Transfer Interrupt Enhancement - disabled

    [    1.917086] Multiprocessor Interrupt Enhancement - disabled

    [    1.924277] OTG VER PARAM: 0, OTG VER FLAG: 0

    [    1.930218] Dedicated Tx FIFOs mode

    [    1.935666] WARN::dwc_otg_hcd_init:1047: FIQ DMA bounce buffers: virt = 0xcbc14000
    dma = 0x4bc14000 len=9024

    [    1.948724] FIQ FSM acceleration enabled for :

    [    1.948724] Non-periodic Split Transactions

    [    1.948724] Periodic Split Transactions

    [    1.948724] High-Speed Isochronous Endpoints

    [    1.971866] WARN::hcd_init_fiq:412: FIQ on core 0 at 0xc03fad8c

    [    1.979466] WARN::hcd_init_fiq:413: FIQ ASM at 0xc03fb064 length 36

    [    1.987400] WARN::hcd_init_fiq:438: MPHI regs_base at 0xcc806000

    [    1.995104] dwc_otg bcm2708_usb: DWC OTG Controller

    [    2.001651] dwc_otg bcm2708_usb: new USB bus registered, assigned bus number
    1

    [    2.010630] dwc_otg bcm2708_usb: irq 32, io mem 0x00000000

    [    2.017815] Init: Port Power? op_state=1

    [    2.023378] Init: Power Port (0)

    [    2.028537] usb usb1: New USB device found, idVendor=1d6b, idProduct=0002

    [    2.037033] usb usb1: New USB device strings: Mfr=3, Product=2, SerialNumber=1

    [    2.045927] usb usb1: Product: DWC OTG Controller

    [    2.052273] usb usb1: Manufacturer: Linux 3.18.10+ dwc_otg_hcd

    [    2.059707] usb usb1: SerialNumber: bcm2708_usb

    [    2.066889] hub 1-0:1.0: USB hub found

    [    2.072503] hub 1-0:1.0: 1 port detected

    [    2.079264] usbcore: registered new interface driver usb-storage

    [    2.087479] mousedev: PS/2 mouse device common for all mice

    [    2.095606] bcm2835-cpufreq: min=700000 max=700000

    [    2.102496] sdhci: Secure Digital Host Controller Interface driver

    [    2.110280] sdhci: Copyright(c) Pierre Ossman

    [    2.116621] DMA channels allocated for the MMC driver

    [    2.152126] Load BCM2835 MMC driver

    [    2.159221] sdhci-pltfm: SDHCI platform and OF driver helper

    [    2.175080] ledtrig-cpu: registered to indicate activity on CPUs

    [    2.183143] hidraw: raw HID events driver (C) Jiri Kosina

    [    2.194831] usbcore: registered new interface driver usbhid

    [    2.203214] usbhid: USB HID core driver

    [    2.211223] TCP: cubic registered

    [    2.217453] Initializing XFRM netlink socket

    [    2.225619] NET: Registered protocol family 17

    [    2.231956] Key type dns_resolver registered

    [    2.239713] registered taskstats version 1

    [    2.245791] vc-sm: Videocore shared memory driver

    [    2.252251] [vc_sm_connected_init]: start

    [    2.259102] [vc_sm_connected_init]: end - returning 0

    [    2.267761] Waiting for root device /dev/mmcblk0p2...

    [    2.274904] Indeed it is in host mode hprt0 = 00021501

    [    2.286814] mmc0: host does not support reading read-only switch, assuming
    write-enable

    [    2.314220] mmc0: new high speed SDHC card at address b368

    [    2.332171] mmcblk0: mmc0:b368 SMI   15.0 GiB

    [    2.343287]  mmcblk0: p1 p2

    [    2.395467] EXT4-fs (mmcblk0p2): INFO: recovery required on readonly filesystem

    [    2.404706] EXT4-fs (mmcblk0p2): write access will be enabled during recovery

    [    2.460279] EXT4-fs (mmcblk0p2): recovery complete

    [    2.472867] EXT4-fs (mmcblk0p2): mounted filesystem with ordered data mode.
    Opts: (null)

    [    2.484425] usb 1-1: new high-speed USB device number 2 using dwc_otg

    [    2.492779] VFS: Mounted root (ext4 filesystem) readonly on device 179:2.

    [    2.501971] Indeed it is in host mode hprt0 = 00001101

    [    2.509409] devtmpfs: mounted

    [    2.523251] Freeing unused kernel memory: 340K (c079b000 - c07f0000)

    [    2.722646] usb 1-1: New USB device found, idVendor=0424, idProduct=9512

    [    2.732631] usb 1-1: New USB device strings: Mfr=0, Product=0, SerialNumber=0

    [    2.746803] hub 1-1:1.0: USB hub found

    [    2.753774] hub 1-1:1.0: 3 ports detected

    [    3.032458] usb 1-1.1: new high-speed USB device number 3 using dwc_otg

    [    3.142744] usb 1-1.1: New USB device found, idVendor=0424, idProduct=ec00

    [    3.151599] usb 1-1.1: New USB device strings: Mfr=0, Product=0, SerialNumber=0

    [    3.174835] smsc95xx v1.0.4

    [    3.260006] smsc95xx 1-1.1:1.0 eth0: register ''smsc95xx'' at usb-bcm2708_usb-1.1,
    smsc95xx USB 2.0 Ethernet, b8:27:eb:1c:b9:61

    [    4.220552] udevd[159]: starting version 175

    [   10.386572] EXT4-fs (mmcblk0p2): re-mounted. Opts: (null)

    [   10.867335] EXT4-fs (mmcblk0p2): re-mounted. Opts: (null)

    [   11.810617] random: nonblocking pool is initialized

    [   11.849114] Driver for 1-wire Dallas network protocol.

    [   12.167722] i2c /dev entries driver'
  m_isRightToLeft: 0
  m_fontAsset: {fileID: 11400000, guid: 3b085788eb086463fa321e6fbf045480, type: 2}
  m_sharedMaterial: {fileID: 21353579843276246, guid: 3b085788eb086463fa321e6fbf045480,
    type: 2}
  m_fontSharedMaterials: []
  m_fontMaterial: {fileID: 0}
  m_fontMaterials: []
  m_fontColor32:
    serializedVersion: 2
    rgba: 4294967295
  m_fontColor: {r: 1, g: 1, b: 1, a: 1}
  m_enableVertexGradient: 0
  m_colorMode: 3
  m_fontColorGradient:
    topLeft: {r: 1, g: 1, b: 1, a: 1}
    topRight: {r: 1, g: 1, b: 1, a: 1}
    bottomLeft: {r: 1, g: 1, b: 1, a: 1}
    bottomRight: {r: 1, g: 1, b: 1, a: 1}
  m_fontColorGradientPreset: {fileID: 0}
  m_spriteAsset: {fileID: 0}
  m_tintAllSprites: 0
  m_overrideHtmlColors: 0
  m_faceColor:
    serializedVersion: 2
    rgba: 4294967295
  m_outlineColor:
    serializedVersion: 2
    rgba: 4278190080
  m_fontSize: 16
  m_fontSizeBase: 16
  m_fontWeight: 400
  m_enableAutoSizing: 0
  m_fontSizeMin: 18
  m_fontSizeMax: 72
  m_fontStyle: 0
  m_textAlignment: 1025
  m_characterSpacing: 0
  m_wordSpacing: 0
  m_lineSpacing: 0
  m_lineSpacingMax: 0
  m_paragraphSpacing: 0
  m_charWidthMaxAdj: 0
  m_enableWordWrapping: 1
  m_wordWrappingRatios: 0.4
  m_overflowMode: 0
  m_firstOverflowCharacterIndex: -1
  m_linkedTextComponent: {fileID: 0}
  m_isLinkedTextComponent: 0
  m_isTextTruncated: 0
  m_enableKerning: 1
  m_enableExtraPadding: 0
  checkPaddingRequired: 0
  m_isRichText: 1
  m_parseCtrlCharacters: 1
  m_isOrthographic: 1
  m_isCullingEnabled: 0
  m_ignoreRectMaskCulling: 0
  m_ignoreCulling: 1
  m_horizontalMapping: 0
  m_verticalMapping: 0
  m_uvLineOffset: 0
  m_geometrySortingOrder: 0
  m_VertexBufferAutoSizeReduction: 1
  m_firstVisibleCharacter: 0
  m_useMaxVisibleDescender: 1
  m_pageToDisplay: 1
  m_margin: {x: 0, y: 0, z: 0, w: 0}
  m_textInfo:
    textComponent: {fileID: 250375090}
    characterCount: 11908
    spriteCount: 0
    spaceCount: 2239
    wordCount: 1765
    linkCount: 0
    lineCount: 193
    pageCount: 1
    materialCount: 1
  m_isUsingLegacyAnimationComponent: 0
  m_isVolumetricText: 0
  m_spriteAnimator: {fileID: 0}
  m_hasFontAssetChanged: 0
  m_subTextObjects:
  - {fileID: 0}
  - {fileID: 1662721388}
  - {fileID: 0}
  - {fileID: 0}
  - {fileID: 0}
  - {fileID: 0}
  - {fileID: 0}
  - {fileID: 0}
  m_baseMaterial: {fileID: 0}
  m_maskOffset: {x: 0, y: 0, z: 0, w: 0}
--- !u!222 &250375091
CanvasRenderer:
  m_ObjectHideFlags: 0
  m_CorrespondingSourceObject: {fileID: 0}
  m_PrefabInstance: {fileID: 0}
  m_PrefabAsset: {fileID: 0}
  m_GameObject: {fileID: 250375088}
  m_CullTransparentMesh: 0
--- !u!114 &250375092
MonoBehaviour:
  m_ObjectHideFlags: 0
  m_CorrespondingSourceObject: {fileID: 0}
  m_PrefabInstance: {fileID: 0}
  m_PrefabAsset: {fileID: 0}
  m_GameObject: {fileID: 250375088}
  m_Enabled: 1
  m_EditorHideFlags: 0
  m_Script: {fileID: 11500000, guid: 23a185650a0a4eac80a7f8772285e1f3, type: 3}
  m_Name: 
  m_EditorClassIdentifier: 
  text: {fileID: 250375090}
  revealTime: 2
--- !u!114 &250375093
MonoBehaviour:
  m_ObjectHideFlags: 0
  m_CorrespondingSourceObject: {fileID: 0}
  m_PrefabInstance: {fileID: 0}
  m_PrefabAsset: {fileID: 0}
  m_GameObject: {fileID: 250375088}
  m_Enabled: 1
  m_EditorHideFlags: 0
  m_Script: {fileID: 1741964061, guid: f70555f144d8491a825f0804e09c671c, type: 3}
  m_Name: 
  m_EditorClassIdentifier: 
  m_HorizontalFit: 0
  m_VerticalFit: 2
--- !u!114 &250375094
MonoBehaviour:
  m_ObjectHideFlags: 0
  m_CorrespondingSourceObject: {fileID: 0}
  m_PrefabInstance: {fileID: 0}
  m_PrefabAsset: {fileID: 0}
  m_GameObject: {fileID: 250375088}
  m_Enabled: 0
  m_EditorHideFlags: 0
  m_Script: {fileID: 11500000, guid: b220e634116c415a9b5ea36032734105, type: 3}
  m_Name: 
  m_EditorClassIdentifier: 
  totalRevealTime: 2
--- !u!1 &1662721386
GameObject:
  m_ObjectHideFlags: 0
  m_CorrespondingSourceObject: {fileID: 0}
  m_PrefabInstance: {fileID: 0}
  m_PrefabAsset: {fileID: 0}
  serializedVersion: 6
  m_Component:
  - component: {fileID: 1662721387}
  - component: {fileID: 1662721389}
  - component: {fileID: 1662721388}
  m_Layer: 5
  m_Name: TMP SubMeshUI [whitrabt SDF Material + LiberationSans SDF Atlas]
  m_TagString: Untagged
  m_Icon: {fileID: 0}
  m_NavMeshLayer: 0
  m_StaticEditorFlags: 0
  m_IsActive: 1
--- !u!224 &1662721387
RectTransform:
  m_ObjectHideFlags: 0
  m_CorrespondingSourceObject: {fileID: 0}
  m_PrefabInstance: {fileID: 0}
  m_PrefabAsset: {fileID: 0}
  m_GameObject: {fileID: 1662721386}
  m_LocalRotation: {x: 0, y: 0, z: 0, w: 1}
  m_LocalPosition: {x: 0, y: 0, z: 0}
  m_LocalScale: {x: 1, y: 1, z: 1}
  m_Children: []
  m_Father: {fileID: 250375089}
  m_RootOrder: 0
  m_LocalEulerAnglesHint: {x: 0, y: 0, z: 0}
  m_AnchorMin: {x: 0, y: 0}
  m_AnchorMax: {x: 1, y: 1}
  m_AnchoredPosition: {x: 0, y: 0}
  m_SizeDelta: {x: 0, y: 0}
  m_Pivot: {x: 0, y: 0}
--- !u!114 &1662721388
MonoBehaviour:
  m_ObjectHideFlags: 0
  m_CorrespondingSourceObject: {fileID: 0}
  m_PrefabInstance: {fileID: 0}
  m_PrefabAsset: {fileID: 0}
  m_GameObject: {fileID: 1662721386}
  m_Enabled: 1
  m_EditorHideFlags: 0
  m_Script: {fileID: 11500000, guid: 058cba836c1846c3aa1c5fd2e28aea77, type: 3}
  m_Name: 
  m_EditorClassIdentifier: 
  m_Material: {fileID: 0}
  m_Color: {r: 1, g: 1, b: 1, a: 1}
  m_RaycastTarget: 1
  m_OnCullStateChanged:
    m_PersistentCalls:
      m_Calls: []
    m_TypeName: UnityEngine.UI.MaskableGraphic+CullStateChangedEvent, UnityEngine.UI,
      Version=1.0.0.0, Culture=neutral, PublicKeyToken=null
  m_fontAsset: {fileID: 11400000, guid: 8f586378b4e144a9851e7b34d9b748ee, type: 2}
  m_spriteAsset: {fileID: 0}
  m_material: {fileID: 0}
  m_sharedMaterial: {fileID: 0}
  m_isDefaultMaterial: 0
  m_padding: 1.25
  m_canvasRenderer: {fileID: 1662721389}
  m_TextComponent: {fileID: 250375090}
  m_materialReferenceIndex: 1
--- !u!222 &1662721389
CanvasRenderer:
  m_ObjectHideFlags: 0
  m_CorrespondingSourceObject: {fileID: 0}
  m_PrefabInstance: {fileID: 0}
  m_PrefabAsset: {fileID: 0}
  m_GameObject: {fileID: 1662721386}
  m_CullTransparentMesh: 0
--- !u!1 &1892759572
GameObject:
  m_ObjectHideFlags: 0
  m_CorrespondingSourceObject: {fileID: 0}
  m_PrefabInstance: {fileID: 0}
  m_PrefabAsset: {fileID: 0}
  serializedVersion: 6
  m_Component:
  - component: {fileID: 1892759575}
  - component: {fileID: 1892759574}
  - component: {fileID: 1892759573}
  m_Layer: 0
  m_Name: EventSystem
  m_TagString: Untagged
  m_Icon: {fileID: 0}
  m_NavMeshLayer: 0
  m_StaticEditorFlags: 0
  m_IsActive: 1
--- !u!114 &1892759573
MonoBehaviour:
  m_ObjectHideFlags: 0
  m_CorrespondingSourceObject: {fileID: 0}
  m_PrefabInstance: {fileID: 0}
  m_PrefabAsset: {fileID: 0}
  m_GameObject: {fileID: 1892759572}
  m_Enabled: 1
  m_EditorHideFlags: 0
  m_Script: {fileID: 1077351063, guid: f70555f144d8491a825f0804e09c671c, type: 3}
  m_Name: 
  m_EditorClassIdentifier: 
  m_HorizontalAxis: Horizontal
  m_VerticalAxis: Vertical
  m_SubmitButton: Submit
  m_CancelButton: Cancel
  m_InputActionsPerSecond: 10
  m_RepeatDelay: 0.5
  m_ForceModuleActive: 0
--- !u!114 &1892759574
MonoBehaviour:
  m_ObjectHideFlags: 0
  m_CorrespondingSourceObject: {fileID: 0}
  m_PrefabInstance: {fileID: 0}
  m_PrefabAsset: {fileID: 0}
  m_GameObject: {fileID: 1892759572}
  m_Enabled: 1
  m_EditorHideFlags: 0
  m_Script: {fileID: -619905303, guid: f70555f144d8491a825f0804e09c671c, type: 3}
  m_Name: 
  m_EditorClassIdentifier: 
  m_FirstSelected: {fileID: 0}
  m_sendNavigationEvents: 0
  m_DragThreshold: 10
--- !u!4 &1892759575
Transform:
  m_ObjectHideFlags: 0
  m_CorrespondingSourceObject: {fileID: 0}
  m_PrefabInstance: {fileID: 0}
  m_PrefabAsset: {fileID: 0}
  m_GameObject: {fileID: 1892759572}
  m_LocalRotation: {x: 0, y: 0, z: 0, w: 1}
  m_LocalPosition: {x: 0, y: 0, z: 0}
  m_LocalScale: {x: 1, y: 1, z: 1}
  m_Children: []
  m_Father: {fileID: 0}
  m_RootOrder: 1
  m_LocalEulerAnglesHint: {x: 0, y: 0, z: 0}
--- !u!1 &1899258070
GameObject:
  m_ObjectHideFlags: 0
  m_CorrespondingSourceObject: {fileID: 0}
  m_PrefabInstance: {fileID: 0}
  m_PrefabAsset: {fileID: 0}
  serializedVersion: 6
  m_Component:
  - component: {fileID: 1899258075}
  - component: {fileID: 1899258074}
  - component: {fileID: 1899258071}
  - component: {fileID: 1899258072}
  - component: {fileID: 1899258073}
  - component: {fileID: 1899258077}
  - component: {fileID: 1899258076}
  m_Layer: 8
  m_Name: Main Camera
  m_TagString: MainCamera
  m_Icon: {fileID: 0}
  m_NavMeshLayer: 0
  m_StaticEditorFlags: 0
  m_IsActive: 1
--- !u!81 &1899258071
AudioListener:
  m_ObjectHideFlags: 0
  m_CorrespondingSourceObject: {fileID: 0}
  m_PrefabInstance: {fileID: 0}
  m_PrefabAsset: {fileID: 0}
  m_GameObject: {fileID: 1899258070}
  m_Enabled: 1
--- !u!114 &1899258072
MonoBehaviour:
  m_ObjectHideFlags: 0
  m_CorrespondingSourceObject: {fileID: 0}
  m_PrefabInstance: {fileID: 0}
  m_PrefabAsset: {fileID: 0}
  m_GameObject: {fileID: 1899258070}
  m_Enabled: 0
  m_EditorHideFlags: 0
  m_Script: {fileID: 11500000, guid: 870b9a8f0f82f4f56800cc427bcd1025, type: 3}
  m_Name: 
  m_EditorClassIdentifier: 
  _scanLineJitter: 0
  _verticalJump: 0
  _horizontalShake: 0
  _colorDrift: 0
  _shader: {fileID: 4800000, guid: da33272284ea24f208f36998880990be, type: 3}
--- !u!114 &1899258073
MonoBehaviour:
  m_ObjectHideFlags: 0
  m_CorrespondingSourceObject: {fileID: 0}
  m_PrefabInstance: {fileID: 0}
  m_PrefabAsset: {fileID: 0}
  m_GameObject: {fileID: 1899258070}
  m_Enabled: 1
  m_EditorHideFlags: 0
  m_Script: {fileID: 11500000, guid: 948f4100a11a5c24981795d21301da5c, type: 3}
  m_Name: 
  m_EditorClassIdentifier: 
  volumeTrigger: {fileID: 0}
  volumeLayer:
    serializedVersion: 2
    m_Bits: 256
  stopNaNPropagation: 1
  finalBlitToCameraTarget: 0
  antialiasingMode: 0
  temporalAntialiasing:
    jitterSpread: 0.75
    sharpness: 0.25
    stationaryBlending: 0.95
    motionBlending: 0.85
  subpixelMorphologicalAntialiasing:
    quality: 2
  fastApproximateAntialiasing:
    fastMode: 0
    keepAlpha: 0
  fog:
    enabled: 1
    excludeSkybox: 1
  debugLayer:
    lightMeter:
      width: 512
      height: 256
      showCurves: 1
    histogram:
      width: 512
      height: 256
      channel: 3
    waveform:
      exposure: 0.12
      height: 256
    vectorscope:
      size: 256
      exposure: 0.12
    overlaySettings:
      linearDepth: 0
      motionColorIntensity: 4
      motionGridSize: 64
      colorBlindnessType: 0
      colorBlindnessStrength: 1
  m_Resources: {fileID: 11400000, guid: d82512f9c8e5d4a4d938b575d47f88d4, type: 2}
  m_ShowToolkit: 0
  m_ShowCustomSorter: 0
  breakBeforeColorGrading: 0
  m_BeforeTransparentBundles: []
  m_BeforeStackBundles: []
  m_AfterStackBundles: []
--- !u!20 &1899258074
Camera:
  m_ObjectHideFlags: 0
  m_CorrespondingSourceObject: {fileID: 0}
  m_PrefabInstance: {fileID: 0}
  m_PrefabAsset: {fileID: 0}
  m_GameObject: {fileID: 1899258070}
  m_Enabled: 1
  serializedVersion: 2
  m_ClearFlags: 1
  m_BackGroundColor: {r: 0.14509805, g: 0.14509805, b: 0.18039216, a: 1}
  m_projectionMatrixMode: 1
  m_GateFitMode: 2
  m_FOVAxisMode: 0
  m_SensorSize: {x: 36, y: 24}
  m_LensShift: {x: 0, y: 0}
  m_FocalLength: 50
  m_NormalizedViewPortRect:
    serializedVersion: 2
    x: 0
    y: 0
    width: 1
    height: 1
  near clip plane: 0.3
  far clip plane: 1000
  field of view: 60
  orthographic: 0
  orthographic size: 5
  m_Depth: 0
  m_CullingMask:
    serializedVersion: 2
    m_Bits: 4294967295
  m_RenderingPath: -1
  m_TargetTexture: {fileID: 0}
  m_TargetDisplay: 0
  m_TargetEye: 3
  m_HDR: 1
  m_AllowMSAA: 1
  m_AllowDynamicResolution: 0
  m_ForceIntoRT: 1
  m_OcclusionCulling: 1
  m_StereoConvergence: 10
  m_StereoSeparation: 0.022
--- !u!4 &1899258075
Transform:
  m_ObjectHideFlags: 0
  m_CorrespondingSourceObject: {fileID: 0}
  m_PrefabInstance: {fileID: 0}
  m_PrefabAsset: {fileID: 0}
  m_GameObject: {fileID: 1899258070}
  m_LocalRotation: {x: 0, y: 0, z: 0, w: 1}
  m_LocalPosition: {x: 0, y: -1.33, z: -5.46}
  m_LocalScale: {x: 1, y: 1, z: 1}
  m_Children: []
  m_Father: {fileID: 0}
  m_RootOrder: 0
  m_LocalEulerAnglesHint: {x: 0, y: 0, z: 0}
--- !u!114 &1899258076
MonoBehaviour:
  m_ObjectHideFlags: 0
  m_CorrespondingSourceObject: {fileID: 0}
  m_PrefabInstance: {fileID: 0}
  m_PrefabAsset: {fileID: 0}
  m_GameObject: {fileID: 1899258070}
  m_Enabled: 1
  m_EditorHideFlags: 0
  m_Script: {fileID: 11500000, guid: 9a3a070408aa941ab83ae10be1708848, type: 3}
  m_Name: 
  m_EditorClassIdentifier: 
  _intensity: 0
  _shader: {fileID: 4800000, guid: ba40dc630e1d9417cb9ea22586ece1e1, type: 3}
--- !u!114 &1899258077
MonoBehaviour:
  m_ObjectHideFlags: 0
  m_CorrespondingSourceObject: {fileID: 0}
  m_PrefabInstance: {fileID: 0}
  m_PrefabAsset: {fileID: 0}
  m_GameObject: {fileID: 1899258070}
  m_Enabled: 1
  m_EditorHideFlags: 0
  m_Script: {fileID: 11500000, guid: 8b9a305e18de0c04dbd257a21cd47087, type: 3}
  m_Name: 
  m_EditorClassIdentifier: 
  sharedProfile: {fileID: 11400000, guid: f0846c703f0f24f2a8169b13deab5218, type: 2}
  isGlobal: 1
  blendDistance: 0
  weight: 1
  priority: 9999
